2025-08-09 22:00:01 [INFO] aurelia-support v2.4.1 started on WS-AURELIA-07
2025-08-09 22:00:01 [INFO] Connected to AURELIA CORE at aurelia-core.nexus.local:8443
2025-08-09 22:00:04 [INFO] Heartbeat OK — AURELIA CORE status: OPERATIONAL
2025-08-09 22:15:04 [INFO] Heartbeat OK — AURELIA CORE status: OPERATIONAL
2025-08-09 22:30:04 [INFO] Heartbeat OK — AURELIA CORE status: OPERATIONAL
2025-08-09 22:45:04 [INFO] Heartbeat OK — AURELIA CORE status: OPERATIONAL
2025-08-09 23:00:04 [INFO] Heartbeat OK — AURELIA CORE status: OPERATIONAL
2025-08-09 23:15:04 [INFO] Heartbeat OK — AURELIA CORE status: OPERATIONAL
2025-08-09 23:30:04 [INFO] Heartbeat OK — AURELIA CORE status: OPERATIONAL
2025-08-09 23:45:04 [INFO] Heartbeat OK — AURELIA CORE status: OPERATIONAL
2025-08-10 00:00:04 [INFO] Heartbeat OK — AURELIA CORE status: OPERATIONAL
2025-08-10 00:15:04 [INFO] Heartbeat OK — AURELIA CORE status: OPERATIONAL
2025-08-10 00:30:04 [INFO] Heartbeat OK — AURELIA CORE status: OPERATIONAL
2025-08-10 00:45:04 [INFO] Heartbeat OK — AURELIA CORE status: OPERATIONAL
2025-08-10 01:00:04 [INFO] Heartbeat OK — AURELIA CORE status: OPERATIONAL
2025-08-10 01:15:04 [INFO] Heartbeat OK — AURELIA CORE status: OPERATIONAL
2025-08-10 01:30:04 [INFO] Heartbeat OK — AURELIA CORE status: OPERATIONAL
2025-08-10 01:45:04 [INFO] Heartbeat OK — AURELIA CORE status: OPERATIONAL
2025-08-10 02:00:04 [INFO] Heartbeat OK — AURELIA CORE status: OPERATIONAL
2025-08-10 02:15:04 [INFO] Heartbeat OK — AURELIA CORE status: OPERATIONAL
2025-08-10 02:30:04 [INFO] Heartbeat OK — AURELIA CORE status: OPERATIONAL
2025-08-10 02:45:04 [INFO] Heartbeat OK — AURELIA CORE status: OPERATIONAL
2025-08-10 03:00:04 [INFO] Heartbeat OK — AURELIA CORE status: OPERATIONAL
2025-08-10 03:12:07 [WARN] Heartbeat DELAYED — AURELIA CORE response time: 4812ms (threshold: 500ms)
2025-08-10 03:12:22 [WARN] Heartbeat DELAYED — AURELIA CORE response time: 6204ms (threshold: 500ms)
2025-08-10 03:12:44 [ERROR] Heartbeat FAILED — AURELIA CORE: Connection reset by peer
2025-08-10 03:13:01 [WARN] Reconnecting to AURELIA CORE...
2025-08-10 03:13:09 [INFO] Reconnected to AURELIA CORE at aurelia-core.nexus.local:8443
2025-08-10 03:13:09 [WARN] AURELIA CORE status: DEGRADED
2025-08-10 03:15:04 [WARN] Heartbeat OK — AURELIA CORE status: DEGRADED
2025-08-10 03:17:41 [INFO] Local diagnostic request initiated — PID 3847
2025-08-10 03:17:52 [INFO] Diagnostic export completed — output size: 183 bytes
2025-08-10 03:17:54 [WARN] Unexpected termination of diagnostic process PID 3847 (exit code 0)
2025-08-10 03:18:04 [WARN] Heartbeat OK — AURELIA CORE status: DEGRADED
2025-08-10 03:21:04 [WARN] Heartbeat OK — AURELIA CORE status: DEGRADED
2025-08-10 03:30:04 [WARN] Heartbeat OK — AURELIA CORE status: DEGRADED
2025-08-10 03:45:04 [WARN] Heartbeat OK — AURELIA CORE status: DEGRADED
2025-08-10 04:00:04 [WARN] Heartbeat OK — AURELIA CORE status: DEGRADED
2025-08-10 04:01:55 [INFO] Support daemon shutdown requested by system (SIG-TERM)
2025-08-10 04:01:55 [INFO] aurelia-support shutting down.
